time="2026-03-01T16:05:34Z" level=warning msg="/home/ubuntu/web_cms/docker-compose.yml: the attribute `version` is obsolete, it will be ignored, please remove it to avoid potential confusion"
 Image web_cms-frontend Building 
 Image web_cms-backend Building 
#1 [internal] load local bake definitions
#1 reading from stdin 924B done
#1 DONE 0.0s

#2 [internal] load build definition from Dockerfile
#2 transferring dockerfile: 1.55kB done
#2 DONE 0.0s

#3 [internal] load metadata for docker.io/library/node:20-alpine
#3 DONE 0.1s

#4 [internal] load .dockerignore
#4 transferring context:
#4 transferring context: 145B done
#4 DONE 0.0s

#5 [base 1/1] FROM docker.io/library/node:20-alpine@sha256:09e2b3d9726018aecf269bd35325f46bf75046a643a66d28360ec71132750ec8
#5 resolve docker.io/library/node:20-alpine@sha256:09e2b3d9726018aecf269bd35325f46bf75046a643a66d28360ec71132750ec8 0.0s done
#5 DONE 0.0s

#6 [internal] load build context
#6 transferring context: 7.08kB 0.0s done
#6 DONE 0.0s

#7 [deps 4/4] RUN npm install
#7 CACHED

#8 [builder 2/4] COPY --from=deps /app/node_modules ./node_modules
#8 CACHED

#9 [builder 1/4] WORKDIR /app
#9 CACHED

#10 [deps 1/4] RUN apk add --no-cache libc6-compat
#10 CACHED

#11 [deps 2/4] WORKDIR /app
#11 CACHED

#12 [deps 3/4] COPY package.json package-lock.json* ./
#12 CACHED

#13 [builder 3/4] COPY . .
#13 CACHED

#14 [builder 4/4] RUN npm run build
#14 1.016 
#14 1.016 > frontend@0.1.0 build
#14 1.016 > next build
#14 1.016 
#14 2.438 ▲ Next.js 16.1.6 (Turbopack)
#14 2.439 - Experiments (use with caution):
#14 2.439   · optimizePackageImports
#14 2.440   · serverActions
#14 2.440 
#14 2.445 ⚠ The "middleware" file convention is deprecated. Please use "proxy" instead. Learn more: https://nextjs.org/docs/messages/middleware-to-proxy
#14 2.488   Creating an optimized production build ...
#14 30.22 
#14 30.22 > Build error occurred
#14 30.23 Error: Turbopack build failed with 6 errors:
#14 30.23 ./app/admin/page.tsx:23:1
#14 30.23 Export STRAPI_URL doesn't exist in target module
#14 30.23 [0m [90m 21 |[39m [36mimport[39m { useState[33m,[39m useEffect[33m,[39m useMemo } [36mfrom[39m [32m"react"[39m[33m;[39m
#14 30.23  [90m 22 |[39m [36mimport[39m { useSearchParams } [36mfrom[39m [32m"next/navigation"[39m[33m;[39m
#14 30.23 [31m[1m>[22m[39m[90m 23 |[39m [36mimport[39m { [33mSTRAPI_URL[39m } [36mfrom[39m [32m"@/lib/api"[39m[33m;[39m
#14 30.23  [90m    |[39m [31m[1m^[22m[39m[31m[1m^[22m[39m[31m[1m^[22m[39m[31m[1m^[22m[39m[31m[1m^[22m[39m[31m[1m^[22m[39m[31m[1m^[22m[39m[31m[1m^[22m[39m[31m[1m^[22m[39m[31m[1m^[22m[39m[31m[1m^[22m[39m[31m[1m^[22m[39m[31m[1m^[22m[39m[31m[1m^[22m[39m[31m[1m^[22m[39m[31m[1m^[22m[39m[31m[1m^[22m[39m[31m[1m^[22m[39m[31m[1m^[22m[39m[31m[1m^[22m[39m[31m[1m^[22m[39m[31m[1m^[22m[39m[31m[1m^[22m[39m[31m[1m^[22m[39m[31m[1m^[22m[39m[31m[1m^[22m[39m[31m[1m^[22m[39m[31m[1m^[22m[39m[31m[1m^[22m[39m[31m[1m^[22m[39m[31m[1m^[22m[39m[31m[1m^[22m[39m[31m[1m^[22m[39m[31m[1m^[22m[39m[31m[1m^[22m[39m[31m[1m^[22m[39m[31m[1m^[22m[39m[31m[1m^[22m[39m[31m[1m^[22m[39m
#14 30.23  [90m 24 |[39m [36mimport[39m { loginAction[33m,[39m checkAuthAction } [36mfrom[39m [32m"@/app/actions/auth"[39m[33m;[39m
#14 30.23  [90m 25 |[39m
#14 30.23  [90m 26 |[39m [36minterface[39m [33mDashboardStats[39m {[0m
#14 30.23 
#14 30.23 The export STRAPI_URL was not found in module [project]/lib/api.ts [app-client] (ecmascript).
#14 30.23 Did you mean to import PUBLIC_STRAPI_URL?
#14 30.23 All exports of the module are statically known (It doesn't have dynamic exports). So it's known statically that the requested export doesn't exist.
#14 30.23 
#14 30.23 Import traces:
#14 30.23   Client Component Browser:
#14 30.23     ./app/admin/page.tsx [Client Component Browser]
#14 30.23     ./app/admin/page.tsx [Server Component]
#14 30.23 
#14 30.23   Client Component SSR:
#14 30.23     ./app/admin/page.tsx [Client Component SSR]
#14 30.23     ./app/admin/page.tsx [Server Component]
#14 30.23 
#14 30.23 
#14 30.23 ./app/admin/page.tsx:23:1
#14 30.23 Export STRAPI_URL doesn't exist in target module
#14 30.23 [0m [90m 21 |[39m [36mimport[39m { useState[33m,[39m useEffect[33m,[39m useMemo } [36mfrom[39m [32m"react"[39m[33m;[39m
#14 30.23  [90m 22 |[39m [36mimport[39m { useSearchParams } [36mfrom[39m [32m"next/navigation"[39m[33m;[39m
#14 30.23 [31m[1m>[22m[39m[90m 23 |[39m [36mimport[39m { [33mSTRAPI_URL[39m } [36mfrom[39m [32m"@/lib/api"[39m[33m;[39m
#14 30.23  [90m    |[39m [31m[1m^[22m[39m[31m[1m^[22m[39m[31m[1m^[22m[39m[31m[1m^[22m[39m[31m[1m^[22m[39m[31m[1m^[22m[39m[31m[1m^[22m[39m[31m[1m^[22m[39m[31m[1m^[22m[39m[31m[1m^[22m[39m[31m[1m^[22m[39m[31m[1m^[22m[39m[31m[1m^[22m[39m[31m[1m^[22m[39m[31m[1m^[22m[39m[31m[1m^[22m[39m[31m[1m^[22m[39m[31m[1m^[22m[39m[31m[1m^[22m[39m[31m[1m^[22m[39m[31m[1m^[22m[39m[31m[1m^[22m[39m[31m[1m^[22m[39m[31m[1m^[22m[39m[31m[1m^[22m[39m[31m[1m^[22m[39m[31m[1m^[22m[39m[31m[1m^[22m[39m[31m[1m^[22m[39m[31m[1m^[22m[39m[31m[1m^[22m[39m[31m[1m^[22m[39m[31m[1m^[22m[39m[31m[1m^[22m[39m[31m[1m^[22m[39m[31m[1m^[22m[39m[31m[1m^[22m[39m[31m[1m^[22m[39m[31m[1m^[22m[39m
#14 30.23  [90m 24 |[39m [36mimport[39m { loginAction[33m,[39m checkAuthAction } [36mfrom[39m [32m"@/app/actions/auth"[39m[33m;[39m
#14 30.23  [90m 25 |[39m
#14 30.23  [90m 26 |[39m [36minterface[39m [33mDashboardStats[39m {[0m
#14 30.23 
#14 30.23 The export STRAPI_URL was not found in module [project]/lib/api.ts [app-ssr] (ecmascript).
#14 30.23 Did you mean to import PUBLIC_STRAPI_URL?
#14 30.23 All exports of the module are statically known (It doesn't have dynamic exports). So it's known statically that the requested export doesn't exist.
#14 30.23 
#14 30.23 Import traces:
#14 30.23   Client Component Browser:
#14 30.23     ./app/admin/page.tsx [Client Component Browser]
#14 30.23     ./app/admin/page.tsx [Server Component]
#14 30.23 
#14 30.23   Client Component SSR:
#14 30.23     ./app/admin/page.tsx [Client Component SSR]
#14 30.23     ./app/admin/page.tsx [Server Component]
#14 30.23 
#14 30.23 
#14 30.23 ./components/AnalyticsProvider.tsx:5:1
#14 30.23 Export STRAPI_URL doesn't exist in target module
#14 30.23 [0m [90m 3 |[39m [36mimport[39m { useEffect } [36mfrom[39m [32m"react"[39m[33m;[39m
#14 30.23  [90m 4 |[39m [36mimport[39m { usePathname } [36mfrom[39m [32m"next/navigation"[39m[33m;[39m
#14 30.23 [31m[1m>[22m[39m[90m 5 |[39m [36mimport[39m { [33mSTRAPI_URL[39m } [36mfrom[39m [32m"@/lib/api"[39m[33m;[39m
#14 30.23  [90m   |[39m [31m[1m^[22m[39m[31m[1m^[22m[39m[31m[1m^[22m[39m[31m[1m^[22m[39m[31m[1m^[22m[39m[31m[1m^[22m[39m[31m[1m^[22m[39m[31m[1m^[22m[39m[31m[1m^[22m[39m[31m[1m^[22m[39m[31m[1m^[22m[39m[31m[1m^[22m[39m[31m[1m^[22m[39m[31m[1m^[22m[39m[31m[1m^[22m[39m[31m[1m^[22m[39m[31m[1m^[22m[39m[31m[1m^[22m[39m[31m[1m^[22m[39m[31m[1m^[22m[39m[31m[1m^[22m[39m[31m[1m^[22m[39m[31m[1m^[22m[39m[31m[1m^[22m[39m[31m[1m^[22m[39m[31m[1m^[22m[39m[31m[1m^[22m[39m[31m[1m^[22m[39m[31m[1m^[22m[39m[31m[1m^[22m[39m[31m[1m^[22m[39m[31m[1m^[22m[39m[31m[1m^[22m[39m[31m[1m^[22m[39m[31m[1m^[22m[39m[31m[1m^[22m[39m[31m[1m^[22m[39m[31m[1m^[22m[39m[31m[1m^[22m[39m
#14 30.23  [90m 6 |[39m
#14 30.23  [90m 7 |[39m [36mexport[39m [36mdefault[39m [36mfunction[39m [33mAnalyticsProvider[39m({ domain }[33m:[39m { domain[33m:[39m string }) {
#14 30.23  [90m 8 |[39m     [36mconst[39m pathname [33m=[39m usePathname()[33m;[39m[0m
#14 30.23 
#14 30.23 The export STRAPI_URL was not found in module [project]/lib/api.ts [app-client] (ecmascript).
#14 30.23 Did you mean to import PUBLIC_STRAPI_URL?
#14 30.23 All exports of the module are statically known (It doesn't have dynamic exports). So it's known statically that the requested export doesn't exist.
#14 30.23 
#14 30.23 Import trace:
#14 30.23   Server Component:
#14 30.23     ./components/AnalyticsProvider.tsx
#14 30.23     ./app/layout.tsx
#14 30.23 
#14 30.23 
#14 30.23 ./components/AnalyticsProvider.tsx:5:1
#14 30.23 Export STRAPI_URL doesn't exist in target module
#14 30.23 [0m [90m 3 |[39m [36mimport[39m { useEffect } [36mfrom[39m [32m"react"[39m[33m;[39m
#14 30.23  [90m 4 |[39m [36mimport[39m { usePathname } [36mfrom[39m [32m"next/navigation"[39m[33m;[39m
#14 30.23 [31m[1m>[22m[39m[90m 5 |[39m [36mimport[39m { [33mSTRAPI_URL[39m } [36mfrom[39m [32m"@/lib/api"[39m[33m;[39m
#14 30.23  [90m   |[39m [31m[1m^[22m[39m[31m[1m^[22m[39m[31m[1m^[22m[39m[31m[1m^[22m[39m[31m[1m^[22m[39m[31m[1m^[22m[39m[31m[1m^[22m[39m[31m[1m^[22m[39m[31m[1m^[22m[39m[31m[1m^[22m[39m[31m[1m^[22m[39m[31m[1m^[22m[39m[31m[1m^[22m[39m[31m[1m^[22m[39m[31m[1m^[22m[39m[31m[1m^[22m[39m[31m[1m^[22m[39m[31m[1m^[22m[39m[31m[1m^[22m[39m[31m[1m^[22m[39m[31m[1m^[22m[39m[31m[1m^[22m[39m[31m[1m^[22m[39m[31m[1m^[22m[39m[31m[1m^[22m[39m[31m[1m^[22m[39m[31m[1m^[22m[39m[31m[1m^[22m[39m[31m[1m^[22m[39m[31m[1m^[22m[39m[31m[1m^[22m[39m[31m[1m^[22m[39m[31m[1m^[22m[39m[31m[1m^[22m[39m[31m[1m^[22m[39m[31m[1m^[22m[39m[31m[1m^[22m[39m[31m[1m^[22m[39m[31m[1m^[22m[39m
#14 30.23  [90m 6 |[39m
#14 30.23  [90m 7 |[39m [36mexport[39m [36mdefault[39m [36mfunction[39m [33mAnalyticsProvider[39m({ domain }[33m:[39m { domain[33m:[39m string }) {
#14 30.23  [90m 8 |[39m     [36mconst[39m pathname [33m=[39m usePathname()[33m;[39m[0m
#14 30.23 
#14 30.23 The export STRAPI_URL was not found in module [project]/lib/api.ts [app-ssr] (ecmascript).
#14 30.23 Did you mean to import PUBLIC_STRAPI_URL?
#14 30.23 All exports of the module are statically known (It doesn't have dynamic exports). So it's known statically that the requested export doesn't exist.
#14 30.23 
#14 30.23 Import trace:
#14 30.23   Server Component:
#14 30.23     ./components/AnalyticsProvider.tsx
#14 30.23     ./app/layout.tsx
#14 30.23 
#14 30.23 
#14 30.23 ./components/SearchModal.tsx:8:1
#14 30.23 Export STRAPI_URL doesn't exist in target module
#14 30.23 [0m [90m  6 |[39m [36mimport[39m [33mLink[39m [36mfrom[39m [32m"next/link"[39m[33m;[39m
#14 30.23  [90m  7 |[39m [36mimport[39m { useRouter } [36mfrom[39m [32m"next/navigation"[39m[33m;[39m
#14 30.23 [31m[1m>[22m[39m[90m  8 |[39m [36mimport[39m { [33mSTRAPI_URL[39m } [36mfrom[39m [32m"@/lib/api"[39m[33m;[39m
#14 30.23  [90m    |[39m [31m[1m^[22m[39m[31m[1m^[22m[39m[31m[1m^[22m[39m[31m[1m^[22m[39m[31m[1m^[22m[39m[31m[1m^[22m[39m[31m[1m^[22m[39m[31m[1m^[22m[39m[31m[1m^[22m[39m[31m[1m^[22m[39m[31m[1m^[22m[39m[31m[1m^[22m[39m[31m[1m^[22m[39m[31m[1m^[22m[39m[31m[1m^[22m[39m[31m[1m^[22m[39m[31m[1m^[22m[39m[31m[1m^[22m[39m[31m[1m^[22m[39m[31m[1m^[22m[39m[31m[1m^[22m[39m[31m[1m^[22m[39m[31m[1m^[22m[39m[31m[1m^[22m[39m[31m[1m^[22m[39m[31m[1m^[22m[39m[31m[1m^[22m[39m[31m[1m^[22m[39m[31m[1m^[22m[39m[31m[1m^[22m[39m[31m[1m^[22m[39m[31m[1m^[22m[39m[31m[1m^[22m[39m[31m[1m^[22m[39m[31m[1m^[22m[39m[31m[1m^[22m[39m[31m[1m^[22m[39m[31m[1m^[22m[39m[31m[1m^[22m[39m
#14 30.23  [90m  9 |[39m
#14 30.23  [90m 10 |[39m [36minterface[39m [33mSearchModalProps[39m {
#14 30.23  [90m 11 |[39m     isOpen[33m:[39m boolean[33m;[39m[0m
#14 30.23 
#14 30.23 The export STRAPI_URL was not found in module [project]/lib/api.ts [app-client] (ecmascript).
#14 30.23 Did you mean to import PUBLIC_STRAPI_URL?
#14 30.23 All exports of the module are statically known (It doesn't have dynamic exports). So it's known statically that the requested export doesn't exist.
#14 30.23 
#14 30.23 Import traces:
#14 30.23   Client Component Browser:
#14 30.23     ./components/SearchModal.tsx [Client Component Browser]
#14 30.23     ./components/NavbarClient.tsx [Client Component Browser]
#14 30.23     ./components/NavbarClient.tsx [Server Component]
#14 30.23     ./components/Navbar.tsx [Server Component]
#14 30.23     ./app/page.tsx [Server Component]
#14 30.23 
#14 30.23   Client Component SSR:
#14 30.23     ./components/SearchModal.tsx [Client Component SSR]
#14 30.23     ./components/NavbarClient.tsx [Client Component SSR]
#14 30.23     ./components/NavbarClient.tsx [Server Component]
#14 30.23     ./components/Navbar.tsx [Server Component]
#14 30.23     ./app/page.tsx [Server Component]
#14 30.23 
#14 30.23 
#14 30.23 ./components/SearchModal.tsx:8:1
#14 30.23 Export STRAPI_URL doesn't exist in target module
#14 30.23 [0m [90m  6 |[39m [36mimport[39m [33mLink[39m [36mfrom[39m [32m"next/link"[39m[33m;[39m
#14 30.23  [90m  7 |[39m [36mimport[39m { useRouter } [36mfrom[39m [32m"next/navigation"[39m[33m;[39m
#14 30.23 [31m[1m>[22m[39m[90m  8 |[39m [36mimport[39m { [33mSTRAPI_URL[39m } [36mfrom[39m [32m"@/lib/api"[39m[33m;[39m
#14 30.23  [90m    |[39m [31m[1m^[22m[39m[31m[1m^[22m[39m[31m[1m^[22m[39m[31m[1m^[22m[39m[31m[1m^[22m[39m[31m[1m^[22m[39m[31m[1m^[22m[39m[31m[1m^[22m[39m[31m[1m^[22m[39m[31m[1m^[22m[39m[31m[1m^[22m[39m[31m[1m^[22m[39m[31m[1m^[22m[39m[31m[1m^[22m[39m[31m[1m^[22m[39m[31m[1m^[22m[39m[31m[1m^[22m[39m[31m[1m^[22m[39m[31m[1m^[22m[39m[31m[1m^[22m[39m[31m[1m^[22m[39m[31m[1m^[22m[39m[31m[1m^[22m[39m[31m[1m^[22m[39m[31m[1m^[22m[39m[31m[1m^[22m[39m[31m[1m^[22m[39m[31m[1m^[22m[39m[31m[1m^[22m[39m[31m[1m^[22m[39m[31m[1m^[22m[39m[31m[1m^[22m[39m[31m[1m^[22m[39m[31m[1m^[22m[39m[31m[1m^[22m[39m[31m[1m^[22m[39m[31m[1m^[22m[39m[31m[1m^[22m[39m[31m[1m^[22m[39m
#14 30.23  [90m  9 |[39m
#14 30.23  [90m 10 |[39m [36minterface[39m [33mSearchModalProps[39m {
#14 30.23  [90m 11 |[39m     isOpen[33m:[39m boolean[33m;[39m[0m
#14 30.23 
#14 30.23 The export STRAPI_URL was not found in module [project]/lib/api.ts [app-ssr] (ecmascript).
#14 30.23 Did you mean to import PUBLIC_STRAPI_URL?
#14 30.23 All exports of the module are statically known (It doesn't have dynamic exports). So it's known statically that the requested export doesn't exist.
#14 30.23 
#14 30.23 Import traces:
#14 30.23   Client Component Browser:
#14 30.23     ./components/SearchModal.tsx [Client Component Browser]
#14 30.23     ./components/NavbarClient.tsx [Client Component Browser]
#14 30.23     ./components/NavbarClient.tsx [Server Component]
#14 30.23     ./components/Navbar.tsx [Server Component]
#14 30.23     ./app/page.tsx [Server Component]
#14 30.23 
#14 30.23   Client Component SSR:
#14 30.23     ./components/SearchModal.tsx [Client Component SSR]
#14 30.23     ./components/NavbarClient.tsx [Client Component SSR]
#14 30.23     ./components/NavbarClient.tsx [Server Component]
#14 30.23     ./components/Navbar.tsx [Server Component]
#14 30.23     ./app/page.tsx [Server Component]
#14 30.23 
#14 30.23 
#14 30.23     at <unknown> (./app/admin/page.tsx:23:1)
#14 30.23     at <unknown> (./app/admin/page.tsx:23:1)
#14 30.23     at <unknown> (./components/AnalyticsProvider.tsx:5:1)
#14 30.23     at <unknown> (./components/AnalyticsProvider.tsx:5:1)
#14 30.23     at <unknown> (./components/SearchModal.tsx:8:1)
#14 30.23     at <unknown> (./components/SearchModal.tsx:8:1)
#14 30.40 npm notice
#14 30.40 npm notice New major version of npm available! 10.8.2 -> 11.11.0
#14 30.40 npm notice Changelog: https://github.com/npm/cli/releases/tag/v11.11.0
#14 30.40 npm notice To update run: npm install -g npm@11.11.0
#14 30.40 npm notice
#14 ERROR: process "/bin/sh -c npm run build" did not complete successfully: exit code: 1
------
 > [builder 4/4] RUN npm run build:
30.23     at <unknown> (./app/admin/page.tsx:23:1)
30.23     at <unknown> (./components/AnalyticsProvider.tsx:5:1)
30.23     at <unknown> (./components/AnalyticsProvider.tsx:5:1)
30.23     at <unknown> (./components/SearchModal.tsx:8:1)
30.23     at <unknown> (./components/SearchModal.tsx:8:1)
30.40 npm notice
30.40 npm notice New major version of npm available! 10.8.2 -> 11.11.0
30.40 npm notice Changelog: https://github.com/npm/cli/releases/tag/v11.11.0
30.40 npm notice To update run: npm install -g npm@11.11.0
30.40 npm notice
------
Dockerfile:23

--------------------

  21 |     

  22 |     # Note: Adjust environment variables for your build here, e.g., STRAPI URL if Next.js statically renders contents at build time

  23 | >>> RUN npm run build

  24 |     

  25 |     # Production image, copy all the files and run next

--------------------

failed to solve: process "/bin/sh -c npm run build" did not complete successfully: exit code: 1

